// Jest Snapshot v1, https://goo.gl/fbAQLP

exports[`<App /> testing Must have a correct snapshot 1`] = `
"<HashRouter>
  <Route render={[Function: render]} />
</HashRouter>"
`;
